[backblue.gif]
[fade.gif]
[index.html]
[www.babelstone.co.uk/Fonts/PUA.html]
[www.babelstone.co.uk/Fonts/Evidence/U_EF9F.png]
[www.babelstone.co.uk/Fonts/PUA_U10_REMOVED.TXT]
[www.babelstone.co.uk/Fonts/Download/BabelStoneHanPUA.ttf]
[www.babelstone.co.uk/Fonts/WOFF/BabelStoneHanPUA.woff]
[www.babelstone.co.uk/Fonts/Download/BabelStoneHan.zip]
[www.babelstone.co.uk/Fonts/Download/BabelStoneHan.ttf]
[www.babelstone.co.uk/Fonts/Han.html]
[www.babelstone.co.uk/Fonts/WOFF/BabelStoneHan.woff]
[www.babelstone.co.uk/Fonts/PUA_1_09.html]
[www.babelstone.co.uk/Fonts/WOFF/BabelStoneHanPUA.html]
[www.babelstone.co.uk/Fonts/WOFF/BabelStoneHan.html]
[www.babelstone.co.uk/Fonts/Images/sample_xiangqi_colour.png]
[www.babelstone.co.uk/Fonts/index.html]
[www.babelstone.co.uk/Fonts/han-2.html]
[www.babelstone.co.uk/Fonts/Images/sample_roman.png]
[www.babelstone.co.uk/Fonts/Images/sample_centaurian.png]
[www.babelstone.co.uk/Fonts/Images/sample_goblin.png]
[www.babelstone.co.uk/Fonts/Images/sample_goblin_vertical.png]
[www.babelstone.co.uk/Fonts/Images/sample_han.png]
[www.babelstone.co.uk/Fonts/Images/sample_han_pua.png]
[www.babelstone.co.uk/Fonts/Images/khitan_large_glyphs.png]
[www.babelstone.co.uk/Fonts/Images/khitan_seal_glyphs.png]
[www.babelstone.co.uk/Fonts/Images/khitan_small_glyphs.png]
[www.babelstone.co.uk/Fonts/Images/khitan_small_rotated.png]
[www.babelstone.co.uk/Fonts/Images/sample_marchen.png]
[www.babelstone.co.uk/Fonts/Images/naxi_llc.png]
[www.babelstone.co.uk/Fonts/Images/sample_ogham_regular.png]
[www.babelstone.co.uk/Fonts/Images/sample_ogham_italic.png]
[www.babelstone.co.uk/Fonts/Images/sample_ogham_bound_regular.png]
[www.babelstone.co.uk/Fonts/Images/sample_ogham_bound_italic.png]
[www.babelstone.co.uk/Fonts/Images/sample_ogham_fixed.png]
[www.babelstone.co.uk/Fonts/Images/sample_ogham_stemless.png]
[www.babelstone.co.uk/Fonts/Images/sample_ogham_lithic.png]
[www.babelstone.co.uk/Fonts/Images/sample_ogham_pictish_regular.png]
[www.babelstone.co.uk/Fonts/Images/sample_ogham_pictish_italic.png]
[www.babelstone.co.uk/Fonts/Images/sample_ogham_pictish_bold.png]
[www.babelstone.co.uk/Fonts/Images/sample_ogham_pictish_bold_italic.png]
[www.babelstone.co.uk/Fonts/Images/sample_ogham_special.png]
[www.babelstone.co.uk/Fonts/Images/sample_irk_bitig.png]
[www.babelstone.co.uk/Fonts/Images/sample_irk_bitig_colour.png]
[www.babelstone.co.uk/Fonts/Images/sample_phagspa_book.png]
[www.babelstone.co.uk/Fonts/Images/sample_phagspa_tibetan_a.png]
[www.babelstone.co.uk/Fonts/Images/sample_phagspa_tibetan_b.png]
[www.babelstone.co.uk/Fonts/Images/sample_phagspa_seal.png]
[www.babelstone.co.uk/Fonts/Images/sample_pigpen.png]
[www.babelstone.co.uk/Fonts/Images/sample_club_penguin.png]
[www.babelstone.co.uk/Fonts/Images/sample_leeson.png]
[www.babelstone.co.uk/Fonts/Images/sample_runic.png]
[www.babelstone.co.uk/Fonts/Images/sample_runic_ruled.png]
[www.babelstone.co.uk/Fonts/Images/sample_elder_futhark.png]
[www.babelstone.co.uk/Fonts/Images/sample_short_twig.png]
[www.babelstone.co.uk/Fonts/Images/sample_long_branch.png]
[www.babelstone.co.uk/Fonts/Images/sample_runic_norse.png]
[www.babelstone.co.uk/Fonts/Images/sample_runic_norn.png]
[www.babelstone.co.uk/Fonts/Images/sample_runic_staveless.png]
[www.babelstone.co.uk/Fonts/Images/sample_runic_staveless_ruled.png]
[www.babelstone.co.uk/Fonts/Images/sample_dotted_runes.png]
[www.babelstone.co.uk/Fonts/Images/sample_beagnoth.png]
[www.babelstone.co.uk/Fonts/Images/sample_beorhtnoth.png]
[www.babelstone.co.uk/Fonts/Images/sample_beorhtric.png]
[www.babelstone.co.uk/Fonts/Images/sample_beowulf.png]
[www.babelstone.co.uk/Fonts/Images/sample_berhtwald.png]
[www.babelstone.co.uk/Fonts/Images/sample_byrhtferth.png]
[www.babelstone.co.uk/Fonts/Images/sample_moon_runes.png]
[www.babelstone.co.uk/Fonts/Images/shuishu_wsf.png]
[www.babelstone.co.uk/Fonts/Images/shuishu_wzl.png]
[www.babelstone.co.uk/Fonts/Images/shuishu_zjr.png]
[www.babelstone.co.uk/Fonts/Images/shuishu_nishida.png]
[www.babelstone.co.uk/Fonts/Images/HXM2004.png]
[www.babelstone.co.uk/Fonts/Images/KYC2006.png]
[www.babelstone.co.uk/Fonts/Images/LFW1986.png]
[www.babelstone.co.uk/Fonts/Images/LFW1986X.png]
[www.babelstone.co.uk/Fonts/Images/LFW1997.png]
[www.babelstone.co.uk/Fonts/Images/Nishida1966.png]
[www.babelstone.co.uk/Fonts/Images/Sofronov1968.png]
[www.babelstone.co.uk/Fonts/Images/WHYJIndex.png]
[www.babelstone.co.uk/Fonts/Images/tangut_components.png]
[www.babelstone.co.uk/Fonts/Images/tangut_radicals.png]
[www.babelstone.co.uk/Fonts/Images/WHYJ.png]
[www.babelstone.co.uk/Fonts/Images/sample_tangut_yinchuan.png]
[www.babelstone.co.uk/Fonts/Images/sample_tangut_yinchuan_inverse.png]
[www.babelstone.co.uk/Fonts/Images/sample_tibetan.png]
[www.babelstone.co.uk/Fonts/Images/yiyu-hanyu-fanwen.png]
[www.babelstone.co.uk/Fonts/Images/sample_zanabazar.png]
[www.babelstone.co.uk/Fonts/Images/sample-flags.png]
[www.babelstone.co.uk/Fonts/Images/sample_maritime.png]
[www.babelstone.co.uk/Fonts/Images/sample_mayan_numerals.png]
[www.babelstone.co.uk/Fonts/Images/sample_shapes.png]
[www.babelstone.co.uk/Fonts/Images/sample_xiangqi_bw.png]
[www.babelstone.co.uk/Fonts/BabelStoneOFL.txt]
[www.babelstone.co.uk/Fonts/Roman.html]
[www.babelstone.co.uk/Fonts/Download/BabelStoneRoman.ttf]
[www.babelstone.co.uk/Fonts/Images/centaurian_sample.jpg]
[www.babelstone.co.uk/Fonts/Download/BabelStoneCentaurian.ttf]
[www.babelstone.co.uk/Fonts/Centaurian.html]
[www.babelstone.co.uk/Fonts/Images/goblin_sample.jpg]
[www.babelstone.co.uk/Fonts/Images/goblin_vertical_sample.jpg]
[www.babelstone.co.uk/Fonts/Download/BabelStoneGoblin.zip]
[www.babelstone.co.uk/Fonts/Download/BabelStoneGoblin.ttf]
[www.babelstone.co.uk/Fonts/Goblin.html]
[www.babelstone.co.uk/Fonts/Download/BabelStoneGoblinVertical.ttf]
[www.babelstone.co.uk/Fonts/Download/BabelStoneKhitanLargeGlyphs.ttf]
[www.babelstone.co.uk/Fonts/Download/BabelStoneKhitanSealGlyphs.ttf]
[www.babelstone.co.uk/Fonts/Download/BabelStoneKhitanSmallGlyphs.ttf]
[www.babelstone.co.uk/Fonts/Download/BabelStoneKhitanSmallRotated.ttf]
[www.babelstone.co.uk/Fonts/Khitan.html]
[www.babelstone.co.uk/Fonts/MarchenTest.txt]
[www.babelstone.co.uk/Fonts/Images/MarchenTest.png]
[www.babelstone.co.uk/Fonts/Download/BabelStoneMarchen.ttf]
[www.babelstone.co.uk/Fonts/Marchen.html]
[www.babelstone.co.uk/Fonts/Images/naxi_llc_sample.png]
[www.babelstone.co.uk/Fonts/Download/BabelStoneNaxiLLC.ttf]
[www.babelstone.co.uk/Fonts/Naxi.html]
[www.babelstone.co.uk/Fonts/Images/Bressay.png]
[www.babelstone.co.uk/Fonts/Images/Lunnasting.png]
[www.babelstone.co.uk/Fonts/Images/babelstone-ogham-regular.png]
[www.babelstone.co.uk/Fonts/Images/babelstone-ogham-italic.png]
[www.babelstone.co.uk/Fonts/Images/babelstone-ogham-bound-regular.png]
[www.babelstone.co.uk/Fonts/Images/babelstone-ogham-bound-italic.png]
[www.babelstone.co.uk/Fonts/Images/babelstone-ogham-fixed.png]
[www.babelstone.co.uk/Fonts/Images/babelstone-ogham-stemless.png]
[www.babelstone.co.uk/Fonts/Images/babelstone-ogham-lithic.png]
[www.babelstone.co.uk/Fonts/Images/babelstone-ogham-pictish-regular.png]
[www.babelstone.co.uk/Fonts/Images/babelstone-ogham-pictish-italic.png]
[www.babelstone.co.uk/Fonts/Images/babelstone-ogham-pictish-bold.png]
[www.babelstone.co.uk/Fonts/Images/babelstone-ogham-pictish-bold-italic.png]
[www.babelstone.co.uk/Fonts/Images/babelstone-ogham-special.png]
[www.babelstone.co.uk/Fonts/Download/BabelStoneOghamFonts.zip]
[www.babelstone.co.uk/Fonts/Download/BabelStoneOghamRegular.zip]
[www.babelstone.co.uk/Fonts/Download/BabelStoneOghamBound.zip]
[www.babelstone.co.uk/Fonts/Download/BabelStoneOghamPictish.zip]
[www.babelstone.co.uk/Fonts/Download/BabelStoneOghamFixed.ttf]
[www.babelstone.co.uk/Fonts/Download/BabelStoneOghamLithic.ttf]
[www.babelstone.co.uk/Fonts/Download/BabelStoneOghamStemless.ttf]
[www.babelstone.co.uk/Fonts/Download/BabelStoneOghamSpecial.ttf]
[www.babelstone.co.uk/Fonts/Ogham.html]
[www.babelstone.co.uk/Fonts/Images/Irk_Bitig_Omen_10_html.jpg]
[www.babelstone.co.uk/Fonts/Images/irk_bitig_sample.jpg]
[www.babelstone.co.uk/Fonts/Download/BabelStoneIrkBitig.ttf]
[www.babelstone.co.uk/Fonts/Download/BabelStoneIrkBitigColour.ttf]
[www.babelstone.co.uk/Fonts/IrkBitig.html]
[www.babelstone.co.uk/Fonts/Images/phagspa_book_sample.jpg]
[www.babelstone.co.uk/Fonts/Images/phagspa_tibetan_a_sample.gif]
[www.babelstone.co.uk/Fonts/Images/phagspa_tibetan_b_sample.gif]
[www.babelstone.co.uk/Fonts/Images/phagspa_seal_sample_1.gif]
[www.babelstone.co.uk/Fonts/Images/phagspa_seal_sample_2.gif]
[www.babelstone.co.uk/Fonts/Download/BabelStonePhagspa_v2.zip]
[www.babelstone.co.uk/Fonts/Download/BabelStonePhagspaBook_v2.ttf]
[www.babelstone.co.uk/Fonts/Download/BabelStonePhagspaTibetanA_v2.ttf]
[www.babelstone.co.uk/Fonts/Download/BabelStonePhagspaTibetanB_v2.ttf]
[www.babelstone.co.uk/Fonts/Download/BabelStonePhagspa_v1.zip]
[www.babelstone.co.uk/Fonts/Download/BabelStonePhagspaBook_v1.ttf]
[www.babelstone.co.uk/Fonts/Download/BabelStonePhagspaTibetanA_v1.ttf]
[www.babelstone.co.uk/Fonts/Download/BabelStonePhagspaTibetanB_v1.ttf]
[www.babelstone.co.uk/Fonts/Download/BabelStonePhagspaSeal_v1.ttf]
[www.babelstone.co.uk/Fonts/Phags-pa.html]
[www.babelstone.co.uk/Fonts/Images/pigpen_sample.jpg]
[www.babelstone.co.uk/Fonts/Images/club_penguin_sample.jpg]
[www.babelstone.co.uk/Fonts/Images/leeson_sample.jpg]
[www.babelstone.co.uk/Fonts/Download/BabelStonePigpen.ttf]
[www.babelstone.co.uk/Fonts/Download/BabelStoneClubPenguin.ttf]
[www.babelstone.co.uk/Fonts/Download/BabelStoneLeeson.ttf]
[www.babelstone.co.uk/Fonts/Pigpen.html]
[www.babelstone.co.uk/Fonts/Images/runic_sample.jpg]
[www.babelstone.co.uk/Fonts/Images/runic_ruled_sample.jpg]
[www.babelstone.co.uk/Fonts/Download/BabelStoneRunic.ttf]
[www.babelstone.co.uk/Fonts/Download/BabelStoneRunicRuled.ttf]
[www.babelstone.co.uk/Fonts/Download/BabelStoneRunic.zip]
[www.babelstone.co.uk/Fonts/Runic.html]
[www.babelstone.co.uk/Fonts/Images/elder_futhark.jpg]
[www.babelstone.co.uk/Fonts/Images/OscarMontelius1874.jpg]
[www.babelstone.co.uk/Fonts/Images/OscarMontelius1874_450px.jpg]
[www.babelstone.co.uk/Fonts/Images/OscarMontelius1874_Firefox.jpg]
[www.babelstone.co.uk/Fonts/Download/BabelStoneRunicElderFuthark.ttf]
[www.babelstone.co.uk/Fonts/WOFF/BabelStoneRunicElderFuthark.woff]
[www.babelstone.co.uk/Fonts/ElderFuthark.html]
[www.babelstone.co.uk/Fonts/Images/short_twig.jpg]
[www.babelstone.co.uk/Fonts/Images/long_branch.jpg]
[www.babelstone.co.uk/Fonts/Images/runic_norse.jpg]
[www.babelstone.co.uk/Fonts/Images/runic_norn.jpg]
[www.babelstone.co.uk/Fonts/Download/BabelStoneRunicShortTwig.ttf]
[www.babelstone.co.uk/Fonts/Download/BabelStoneRunicLongBranch.ttf]
[www.babelstone.co.uk/Fonts/Download/BabelStoneRunicNorse.ttf]
[www.babelstone.co.uk/Fonts/Download/BabelStoneRunicNorn.ttf]
[www.babelstone.co.uk/Fonts/YoungerFuthark.html]
[www.babelstone.co.uk/Fonts/Download/BabelStoneYoungerFuthark.zip]
[www.babelstone.co.uk/Fonts/Images/runic_staveless.jpg]
[www.babelstone.co.uk/Fonts/Images/runic_staveless_ruled.jpg]
[www.babelstone.co.uk/Fonts/Download/BabelStoneRunicStaveless.ttf]
[www.babelstone.co.uk/Fonts/Download/BabelStoneRunicStavelessRuled.ttf]
[www.babelstone.co.uk/Fonts/Download/BabelStoneRunicStaveless.zip]
[www.babelstone.co.uk/Fonts/StavelessRunes.html]
[www.babelstone.co.uk/Fonts/Images/dotted_runes.jpg]
[www.babelstone.co.uk/Fonts/Download/BabelStoneRunicDotted.ttf]
[www.babelstone.co.uk/Fonts/WOFF/BabelStoneRunicDotted.woff]
[www.babelstone.co.uk/Fonts/DottedRunes.html]
[www.babelstone.co.uk/Fonts/Images/beagnoth_futhorc.jpg]
[www.babelstone.co.uk/Fonts/Images/beorhtnoth_futhorc.jpg]
[www.babelstone.co.uk/Fonts/Images/beorhtric_futhorc.jpg]
[www.babelstone.co.uk/Fonts/Images/beowulf_futhorc.jpg]
[www.babelstone.co.uk/Fonts/Images/berhtwald_futhorc.jpg]
[www.babelstone.co.uk/Fonts/Images/byrhtferth_futhorc.jpg]
[www.babelstone.co.uk/Fonts/Images/runic_ligatures_1.jpg]
[www.babelstone.co.uk/Fonts/Images/runic_ligatures_2.jpg]
[www.babelstone.co.uk/Fonts/Images/runic_ligatures_3.jpg]
[www.babelstone.co.uk/Fonts/Images/runic_ligatures_4.jpg]
[www.babelstone.co.uk/Fonts/Images/hobbit_text.jpg]
[www.babelstone.co.uk/Fonts/Images/FranksMirroredRunes_Firefox.png]
[www.babelstone.co.uk/Fonts/VOLT/BabelStoneRunicVTP.zip]
[www.babelstone.co.uk/Fonts/Download/BabelStoneRunicBeagnoth.ttf]
[www.babelstone.co.uk/Fonts/Download/BabelStoneRunicBeorhtnoth.ttf]
[www.babelstone.co.uk/Fonts/Download/BabelStoneRunicBeorhtric.ttf]
[www.babelstone.co.uk/Fonts/Download/BabelStoneRunicBeowulf.ttf]
[www.babelstone.co.uk/Fonts/Download/BabelStoneRunicBerhtwald.ttf]
[www.babelstone.co.uk/Fonts/Download/BabelStoneRunicByrhtferth.ttf]
[www.babelstone.co.uk/Fonts/Download/BabelStoneAngloSaxon.zip]
[www.babelstone.co.uk/Fonts/AngloSaxon.html]
[www.babelstone.co.uk/Fonts/Images/moon_runes_sample.png]
[www.babelstone.co.uk/Fonts/MoonRunes.html]
[www.babelstone.co.uk/Fonts/Download/BabelStoneMoonRunes.ttf]
[www.babelstone.co.uk/Fonts/Download/BabelStoneShuishu.zip]
[www.babelstone.co.uk/Fonts/Download/BabelStoneShuishuWSF.ttf]
[www.babelstone.co.uk/Fonts/Download/BabelStoneShuishuWZL.ttf]
[www.babelstone.co.uk/Fonts/Download/BabelStoneShuishuZJR.ttf]
[www.babelstone.co.uk/Fonts/Download/BabelStoneShuishuNishida.ttf]
[www.babelstone.co.uk/Fonts/Shuishu.html]
[www.babelstone.co.uk/Fonts/Download/TangutScanFonts.zip]
[www.babelstone.co.uk/Fonts/TangutScan.html]
[www.babelstone.co.uk/Fonts/Images/BabelStoneTangutWenhai.png]
[www.babelstone.co.uk/Fonts/Images/BabelMapWenhaiIdeographs.png]
[www.babelstone.co.uk/Fonts/Images/BabelMapWenhaiComponents.png]
[www.babelstone.co.uk/Fonts/Download/BabelStoneTangutWenhai.ttf]
[www.babelstone.co.uk/Fonts/Wenhai.html]
[www.babelstone.co.uk/Fonts/Yinchuan.html]
[www.babelstone.co.uk/Fonts/Images/TangutYinchuan_10.png]
[www.babelstone.co.uk/Fonts/Images/Mulamadhyamakakarika.jpg]
[www.babelstone.co.uk/Fonts/Download/BabelStoneTibetan.ttf]
[www.babelstone.co.uk/Fonts/WOFF/BabelStoneTibetan.woff]
[www.babelstone.co.uk/Fonts/Tibetan.html]
[www.babelstone.co.uk/Fonts/Images/SaniYiChart.png]
[www.babelstone.co.uk/Fonts/Download/BabelStoneSaniYi.ttf]
[www.babelstone.co.uk/Fonts/YiScan.html]
[www.babelstone.co.uk/Fonts/Test/ZanabazarTest.txt]
[www.babelstone.co.uk/Fonts/Test/ZanabazarTest.png]
[www.babelstone.co.uk/Fonts/Test/Zanabazar_Test_A.txt]
[www.babelstone.co.uk/Fonts/Test/Zanabazar_Test_A.png]
[www.babelstone.co.uk/Fonts/Test/Zanabazar_Test_B.txt]
[www.babelstone.co.uk/Fonts/Test/Zanabazar_Test_B.png]
[www.babelstone.co.uk/Fonts/Test/Zanabazar_Test_C.txt]
[www.babelstone.co.uk/Fonts/Test/Zanabazar_Test_C.png]
[www.babelstone.co.uk/Fonts/Test/Zanabazar_Test_D.txt]
[www.babelstone.co.uk/Fonts/Test/Zanabazar_Test_D.png]
[www.babelstone.co.uk/Fonts/Test/Zanabazar_Test_E.txt]
[www.babelstone.co.uk/Fonts/Test/Zanabazar_Test_E.png]
[www.babelstone.co.uk/Fonts/Download/BabelStoneZanabazar.ttf]
[www.babelstone.co.uk/Fonts/WOFF/BabelStoneZanabazar.woff]
[www.babelstone.co.uk/Fonts/Zanabazar.html]
[www.babelstone.co.uk/Fonts/Images/ColourFlagGlyphs.png]
[www.babelstone.co.uk/Fonts/Images/FlagTestWord2016.png]
[www.babelstone.co.uk/Fonts/Images/MonochromeFlagGlyphs.png]
[www.babelstone.co.uk/Fonts/Download/BabelStoneFlags.ttf]
[www.babelstone.co.uk/Fonts/WOFF/BabelStoneFlags.woff]
[www.babelstone.co.uk/Fonts/Flags.html]
[www.babelstone.co.uk/Fonts/Images/babelstone_maritime.jpg]
[www.babelstone.co.uk/Fonts/Download/BabelStoneMaritime.ttf]
[www.babelstone.co.uk/Fonts/WOFF/BabelStoneMaritime.woff]
[www.babelstone.co.uk/Fonts/Maritime.html]
[www.babelstone.co.uk/Fonts/Download/BabelStoneMayanNumerals.ttf]
[www.babelstone.co.uk/Fonts/WOFF/BabelStoneMayanNumerals.woff]
[www.babelstone.co.uk/Fonts/Mayan.html]
[www.babelstone.co.uk/Fonts/Download/BabelStoneShapes.ttf]
[www.babelstone.co.uk/Fonts/WOFF/BabelStoneShapes.woff]
[www.babelstone.co.uk/Fonts/Shapes.html]
[www.babelstone.co.uk/Fonts/XiangqiLayout.txt]
[www.babelstone.co.uk/Fonts/Images/babelstone-xiangqi-bw.png]
[www.babelstone.co.uk/Fonts/Images/babelstone-xiangqi-colour.png]
[www.babelstone.co.uk/Fonts/XiangqiBoard.txt]
[www.babelstone.co.uk/Fonts/Images/babelstone-xiangqi-board.png]
[www.babelstone.co.uk/Fonts/Download/BabelStoneXiangqi.ttf]
[www.babelstone.co.uk/Fonts/WOFF/BabelStoneXiangqi.woff]
[www.babelstone.co.uk/Fonts/Download/BabelStoneXiangqiColour.ttf]
[www.babelstone.co.uk/Fonts/WOFF/BabelStoneXiangqiColour.woff]
[www.babelstone.co.uk/Fonts/Xiangqi.html]
[www.babelstone.co.uk/Fonts/VOLT/BabelStoneRoman.html]
[www.babelstone.co.uk/Fonts/VOLT/BabelStoneCentaurian.html]
[www.babelstone.co.uk/Fonts/VOLT/BabelStoneGoblin.html]
[www.babelstone.co.uk/Fonts/Images/Marchen_Test.jpg]
[www.babelstone.co.uk/Fonts/Marchen_Test.html]
[www.babelstone.co.uk/Fonts/VOLT/BabelStoneMarchen.html]
[www.babelstone.co.uk/Fonts/VOLT/BabelStoneOgham.html]
[www.babelstone.co.uk/Fonts/Images/Irk_Bitig_Omen_10.jpg]
[www.babelstone.co.uk/Fonts/Irk_Bitig_Test.html]
[www.babelstone.co.uk/Fonts/VOLT/BabelStonePhagspaBook_v1.html]
[www.babelstone.co.uk/Fonts/VOLT/BabelStonePhagspaTibetan_v1.html]
[www.babelstone.co.uk/Fonts/VOLT/BabelStonePhagspaSeal_v1.html]
[www.babelstone.co.uk/Fonts/VOLT/BabelStonePhagspaBook_v2.html]
[www.babelstone.co.uk/Fonts/VOLT/BabelStonePhagspaTibetan_v2.html]
[www.babelstone.co.uk/Fonts/VOLT/BabelStonePhagspaSeal_v2.html]
[www.babelstone.co.uk/Fonts/FranksCasket.html]
[www.babelstone.co.uk/Fonts/ThrorsMap.html]
[www.babelstone.co.uk/Fonts/VOLT/BabelStoneMoonRunes.html]
[www.babelstone.co.uk/Fonts/Download/TangutTangutLFW1986.html]
[www.babelstone.co.uk/Fonts/Download/TangutTangutLFW1986X.html]
[www.babelstone.co.uk/Fonts/Download/TangutTangutLFW1997.html]
[www.babelstone.co.uk/Fonts/Download/TangutTangutHXM2004.html]
[www.babelstone.co.uk/Fonts/Download/TangutTangutKYC2006.html]
[www.babelstone.co.uk/Fonts/Download/TangutTangutNishida1966.html]
[www.babelstone.co.uk/Fonts/Download/TangutTangutSofronov1968.html]
[www.babelstone.co.uk/Fonts/Download/TangutTangutWHYJIndex.html]
[www.babelstone.co.uk/Fonts/Download/TangutTangutComponents.html]
[www.babelstone.co.uk/Fonts/WOFF/BabelStoneTibetan.html]
[www.babelstone.co.uk/Fonts/Test/test.html]
[www.babelstone.co.uk/Fonts/Test/ZanabazarTest24.png]
[www.babelstone.co.uk/Fonts/Zanabazar_Test.html]
[www.babelstone.co.uk/Fonts/VOLT/BabelStoneZanabazar.html]
[www.babelstone.co.uk/Fonts/FlagsTest.html]
[www.babelstone.co.uk/Fonts/WOFF/BabelStoneFlags.html]
[www.babelstone.co.uk/Fonts/WOFF/BabelStoneMayanNumerals.html]
[www.babelstone.co.uk/Fonts/WOFF/BabelStoneShapes.html]
[www.babelstone.co.uk/Fonts/n4748-xiangqi.html]
[www.babelstone.co.uk/Fonts/WOFF/BabelStoneXiangqi.html]
[www.babelstone.co.uk/Fonts/WOFF/BabelStoneXiangqiColour.html]
