[backblue.gif]
[fade.gif]
[index.html]
[www.babelstone.co.uk/Fonts/PUA.html]
[www.babelstone.co.uk/Fonts/Evidence/U_EF9F.png]
[www.babelstone.co.uk/Fonts/PUA_U10_REMOVED.TXT]
[www.babelstone.co.uk/Fonts/Download/BabelStoneHanPUA.ttf]
[www.babelstone.co.uk/Fonts/WOFF/BabelStoneHanPUA.woff]
[www.babelstone.co.uk/Fonts/Download/BabelStoneHan.zip]
[www.babelstone.co.uk/Fonts/Download/BabelStoneHan.ttf]
[www.babelstone.co.uk/Fonts/Han.html]
[www.babelstone.co.uk/Fonts/WOFF/BabelStoneHan.woff]
[www.babelstone.co.uk/Fonts/PUA_1_09.html]
[www.babelstone.co.uk/Fonts/WOFF/BabelStoneHanPUA.html]
[www.babelstone.co.uk/Fonts/WOFF/BabelStoneHan.html]
[www.babelstone.co.uk/Fonts/Images/sample_runic_staveless_ruled.png]
[www.babelstone.co.uk/Fonts/Images/sample_roman.png]
[www.babelstone.co.uk/Fonts/Images/sample_centaurian.png]
[www.babelstone.co.uk/Fonts/Images/sample_goblin.png]
[www.babelstone.co.uk/Fonts/Images/sample_goblin_vertical.png]
[www.babelstone.co.uk/Fonts/Images/sample_han.png]
[www.babelstone.co.uk/Fonts/Images/sample_dotted_runes.png]
[www.babelstone.co.uk/Fonts/Images/sample_han_pua.png]
[www.babelstone.co.uk/Fonts/Images/khitan_large_glyphs.png]
[www.babelstone.co.uk/Fonts/Images/khitan_seal_glyphs.png]
[www.babelstone.co.uk/Fonts/Images/khitan_small_glyphs.png]
[www.babelstone.co.uk/Fonts/Images/khitan_small_rotated.png]
[www.babelstone.co.uk/Fonts/Images/sample_marchen.png]
[www.babelstone.co.uk/Fonts/Images/naxi_llc.png]
[www.babelstone.co.uk/Fonts/Images/sample_ogham_regular.png]
[www.babelstone.co.uk/Fonts/Images/sample_ogham_italic.png]
[www.babelstone.co.uk/Fonts/Images/sample_ogham_bound_regular.png]
[www.babelstone.co.uk/Fonts/Images/sample_ogham_bound_italic.png]
[www.babelstone.co.uk/Fonts/Images/sample_ogham_fixed.png]
[www.babelstone.co.uk/Fonts/Images/sample_ogham_stemless.png]
[www.babelstone.co.uk/Fonts/Images/sample_ogham_lithic.png]
[www.babelstone.co.uk/Fonts/Images/sample_ogham_pictish_regular.png]
[www.babelstone.co.uk/Fonts/Images/sample_ogham_pictish_italic.png]
[www.babelstone.co.uk/Fonts/Images/sample_ogham_pictish_bold.png]
[www.babelstone.co.uk/Fonts/Images/sample_ogham_pictish_bold_italic.png]
[www.babelstone.co.uk/Fonts/Images/sample_ogham_special.png]
[www.babelstone.co.uk/Fonts/Images/sample_irk_bitig.png]
[www.babelstone.co.uk/Fonts/Images/sample_irk_bitig_colour.png]
[www.babelstone.co.uk/Fonts/Images/sample_phagspa_book.png]
[www.babelstone.co.uk/Fonts/Images/sample_phagspa_tibetan_a.png]
[www.babelstone.co.uk/Fonts/Images/sample_phagspa_tibetan_b.png]
[www.babelstone.co.uk/Fonts/Images/sample_phagspa_seal.png]
[www.babelstone.co.uk/Fonts/Images/sample_pigpen.png]
[www.babelstone.co.uk/Fonts/Images/sample_club_penguin.png]
[www.babelstone.co.uk/Fonts/Images/sample_leeson.png]
[www.babelstone.co.uk/Fonts/Images/sample_runic.png]
[www.babelstone.co.uk/Fonts/Images/sample_runic_ruled.png]
[www.babelstone.co.uk/Fonts/Images/sample_elder_futhark.png]
[www.babelstone.co.uk/Fonts/Images/sample_short_twig.png]
[www.babelstone.co.uk/Fonts/Images/sample_long_branch.png]
[www.babelstone.co.uk/Fonts/Images/sample_runic_norse.png]
[www.babelstone.co.uk/Fonts/Images/sample_runic_norn.png]
[www.babelstone.co.uk/Fonts/Images/sample_runic_staveless.png]
[www.babelstone.co.uk/Fonts/Images/sample_beagnoth.png]
[www.babelstone.co.uk/Fonts/Images/sample_beorhtnoth.png]
[www.babelstone.co.uk/Fonts/Images/sample_beorhtric.png]
[www.babelstone.co.uk/Fonts/Images/sample_beowulf.png]
[www.babelstone.co.uk/Fonts/Images/sample_berhtwald.png]
[www.babelstone.co.uk/Fonts/Images/sample_byrhtferth.png]
[www.babelstone.co.uk/Fonts/Images/sample_moon_runes.png]
[www.babelstone.co.uk/Fonts/Images/shuishu_wsf.png]
[www.babelstone.co.uk/Fonts/Images/shuishu_wzl.png]
[www.babelstone.co.uk/Fonts/Images/shuishu_zjr.png]
[www.babelstone.co.uk/Fonts/Images/shuishu_nishida.png]
[www.babelstone.co.uk/Fonts/Images/HXM2004.png]
[www.babelstone.co.uk/Fonts/Images/KYC2006.png]
[www.babelstone.co.uk/Fonts/Images/LFW1986.png]
[www.babelstone.co.uk/Fonts/Images/LFW1986X.png]
[www.babelstone.co.uk/Fonts/Images/LFW1997.png]
[www.babelstone.co.uk/Fonts/Images/Nishida1966.png]
[www.babelstone.co.uk/Fonts/Images/Sofronov1968.png]
[www.babelstone.co.uk/Fonts/Images/WHYJIndex.png]
[www.babelstone.co.uk/Fonts/Images/tangut_components.png]
[www.babelstone.co.uk/Fonts/Images/tangut_radicals.png]
[www.babelstone.co.uk/Fonts/Images/WHYJ.png]
[www.babelstone.co.uk/Fonts/Images/sample_tangut_yinchuan.png]
[www.babelstone.co.uk/Fonts/Images/sample_tangut_yinchuan_inverse.png]
[www.babelstone.co.uk/Fonts/Images/sample_tibetan.png]
[www.babelstone.co.uk/Fonts/Images/yiyu-hanyu-fanwen.png]
[www.babelstone.co.uk/Fonts/Images/sample_zanabazar.png]
[www.babelstone.co.uk/Fonts/Images/sample-flags.png]
[www.babelstone.co.uk/Fonts/Images/sample_maritime.png]
[www.babelstone.co.uk/Fonts/Images/sample_mayan_numerals.png]
[www.babelstone.co.uk/Fonts/Images/sample_shapes.png]
[www.babelstone.co.uk/Fonts/index.html]
[www.babelstone.co.uk/Fonts/han-2.html]
[www.babelstone.co.uk/Fonts/Roman.html]
[www.babelstone.co.uk/Fonts/Centaurian.html]
[www.babelstone.co.uk/Fonts/Goblin.html]
[www.babelstone.co.uk/Fonts/Khitan.html]
[www.babelstone.co.uk/Fonts/Marchen.html]
[www.babelstone.co.uk/Fonts/Naxi.html]
[www.babelstone.co.uk/Fonts/Ogham.html]
[www.babelstone.co.uk/Fonts/IrkBitig.html]
[www.babelstone.co.uk/Fonts/Phags-pa.html]
[www.babelstone.co.uk/Fonts/Pigpen.html]
[www.babelstone.co.uk/Fonts/Runic.html]
[www.babelstone.co.uk/Fonts/ElderFuthark.html]
[www.babelstone.co.uk/Fonts/YoungerFuthark.html]
[www.babelstone.co.uk/Fonts/StavelessRunes.html]
[www.babelstone.co.uk/Fonts/DottedRunes.html]
[www.babelstone.co.uk/Fonts/AngloSaxon.html]
[www.babelstone.co.uk/Fonts/MoonRunes.html]
[www.babelstone.co.uk/Fonts/Shuishu.html]
[www.babelstone.co.uk/Fonts/TangutScan.html]
[www.babelstone.co.uk/Fonts/Wenhai.html]
[www.babelstone.co.uk/Fonts/Yinchuan.html]
[www.babelstone.co.uk/Fonts/Tibetan.html]
[www.babelstone.co.uk/Fonts/YiScan.html]
[www.babelstone.co.uk/Fonts/Zanabazar.html]
[www.babelstone.co.uk/Fonts/Flags.html]
[www.babelstone.co.uk/Fonts/Maritime.html]
[www.babelstone.co.uk/Fonts/Mayan.html]
[www.babelstone.co.uk/Fonts/Shapes.html]
[www.babelstone.co.uk/Fonts/Images/sample_xiangqi_bw.html]
[www.babelstone.co.uk/Fonts/Xiangqi.html]
[www.babelstone.co.uk/Fonts/Images/sample_xiangqi_colour.html]
[www.babelstone.co.uk/Fonts/VOLT/BabelStoneRoman.html]
[www.babelstone.co.uk/Fonts/BabelStoneOFL.html]
[www.babelstone.co.uk/Fonts/Download/BabelStoneRoman.html]
[www.babelstone.co.uk/Fonts/Images/centaurian_sample.html]
[www.babelstone.co.uk/Fonts/VOLT/BabelStoneCentaurian.html]
[www.babelstone.co.uk/Fonts/Download/BabelStoneCentaurian.html]
[www.babelstone.co.uk/Fonts/Images/goblin_sample.html]
[www.babelstone.co.uk/Fonts/Images/goblin_vertical_sample.html]
[www.babelstone.co.uk/Fonts/VOLT/BabelStoneGoblin.html]
[www.babelstone.co.uk/Fonts/Download/BabelStoneGoblin.html]
[www.babelstone.co.uk/Fonts/Download/BabelStoneGoblin-2.html]
[www.babelstone.co.uk/Fonts/Download/BabelStoneGoblinVertical.html]
[www.babelstone.co.uk/Fonts/Download/BabelStoneKhitanLargeGlyphs.html]
[www.babelstone.co.uk/Fonts/Download/BabelStoneKhitanSealGlyphs.html]
[www.babelstone.co.uk/Fonts/Download/BabelStoneKhitanSmallGlyphs.html]
[www.babelstone.co.uk/Fonts/Download/BabelStoneKhitanSmallRotated.html]
[www.babelstone.co.uk/Fonts/MarchenTest.html]
[www.babelstone.co.uk/Fonts/Images/MarchenTest.html]
[www.babelstone.co.uk/Fonts/Marchen_Test.html]
[www.babelstone.co.uk/Fonts/VOLT/BabelStoneMarchen.html]
[www.babelstone.co.uk/Fonts/Download/BabelStoneMarchen.html]
[www.babelstone.co.uk/Fonts/Images/naxi_llc_sample.html]
[www.babelstone.co.uk/Fonts/Download/BabelStoneNaxiLLC.html]
[www.babelstone.co.uk/Fonts/Images/Bressay.html]
[www.babelstone.co.uk/Fonts/Images/Lunnasting.html]
[www.babelstone.co.uk/Fonts/Images/babelstone-ogham-regular.html]
[www.babelstone.co.uk/Fonts/Images/babelstone-ogham-italic.html]
[www.babelstone.co.uk/Fonts/Images/babelstone-ogham-bound-regular.html]
[www.babelstone.co.uk/Fonts/Images/babelstone-ogham-bound-italic.html]
[www.babelstone.co.uk/Fonts/Images/babelstone-ogham-fixed.html]
[www.babelstone.co.uk/Fonts/Images/babelstone-ogham-stemless.html]
[www.babelstone.co.uk/Fonts/Images/babelstone-ogham-lithic.html]
[www.babelstone.co.uk/Fonts/Images/babelstone-ogham-pictish-regular.html]
[www.babelstone.co.uk/Fonts/Images/babelstone-ogham-pictish-italic.html]
[www.babelstone.co.uk/Fonts/Images/babelstone-ogham-pictish-bold.html]
[www.babelstone.co.uk/Fonts/Images/babelstone-ogham-pictish-bold-italic.html]
[www.babelstone.co.uk/Fonts/Images/babelstone-ogham-special.html]
[www.babelstone.co.uk/Fonts/VOLT/BabelStoneOgham.html]
[www.babelstone.co.uk/Fonts/Download/BabelStoneOghamFonts.html]
[www.babelstone.co.uk/Fonts/Download/BabelStoneOghamRegular.html]
[www.babelstone.co.uk/Fonts/Download/BabelStoneOghamBound.html]
[www.babelstone.co.uk/Fonts/Download/BabelStoneOghamPictish.html]
[www.babelstone.co.uk/Fonts/Download/BabelStoneOghamFixed.html]
[www.babelstone.co.uk/Fonts/Download/BabelStoneOghamLithic.html]
[www.babelstone.co.uk/Fonts/Download/BabelStoneOghamStemless.html]
[www.babelstone.co.uk/Fonts/Download/BabelStoneOghamSpecial.html]
[www.babelstone.co.uk/Fonts/Images/Irk_Bitig_Omen_10_html.html]
[www.babelstone.co.uk/Fonts/Irk_Bitig_Test.html]
[www.babelstone.co.uk/Fonts/Images/irk_bitig_sample.html]
[www.babelstone.co.uk/Fonts/Download/BabelStoneIrkBitig.html]
[www.babelstone.co.uk/Fonts/Download/BabelStoneIrkBitigColour.html]
[www.babelstone.co.uk/Fonts/Images/phagspa_book_sample.html]
[www.babelstone.co.uk/Fonts/Images/phagspa_tibetan_a_sample.html]
[www.babelstone.co.uk/Fonts/Images/phagspa_tibetan_b_sample.html]
[www.babelstone.co.uk/Fonts/Images/phagspa_seal_sample_1.html]
[www.babelstone.co.uk/Fonts/Images/phagspa_seal_sample_2.html]
[www.babelstone.co.uk/Fonts/VOLT/BabelStonePhagspaBook_v1.html]
[www.babelstone.co.uk/Fonts/VOLT/BabelStonePhagspaTibetan_v1.html]
[www.babelstone.co.uk/Fonts/VOLT/BabelStonePhagspaSeal_v1.html]
[www.babelstone.co.uk/Fonts/VOLT/BabelStonePhagspaBook_v2.html]
[www.babelstone.co.uk/Fonts/VOLT/BabelStonePhagspaTibetan_v2.html]
[www.babelstone.co.uk/Fonts/VOLT/BabelStonePhagspaSeal_v2.html]
[www.babelstone.co.uk/Fonts/Download/BabelStonePhagspa_v2.html]
[www.babelstone.co.uk/Fonts/Download/BabelStonePhagspaBook_v2.html]
[www.babelstone.co.uk/Fonts/Download/BabelStonePhagspaTibetanA_v2.html]
[www.babelstone.co.uk/Fonts/Download/BabelStonePhagspaTibetanB_v2.html]
[www.babelstone.co.uk/Fonts/Download/BabelStonePhagspa_v1.html]
[www.babelstone.co.uk/Fonts/Download/BabelStonePhagspaBook_v1.html]
[www.babelstone.co.uk/Fonts/Download/BabelStonePhagspaTibetanA_v1.html]
[www.babelstone.co.uk/Fonts/Download/BabelStonePhagspaTibetanB_v1.html]
[www.babelstone.co.uk/Fonts/Download/BabelStonePhagspaSeal_v1.html]
[www.babelstone.co.uk/Fonts/Images/pigpen_sample.html]
[www.babelstone.co.uk/Fonts/Images/club_penguin_sample.html]
[www.babelstone.co.uk/Fonts/Images/leeson_sample.html]
[www.babelstone.co.uk/Fonts/Download/BabelStonePigpen.html]
[www.babelstone.co.uk/Fonts/Download/BabelStoneClubPenguin.html]
[www.babelstone.co.uk/Fonts/Download/BabelStoneLeeson.html]
[www.babelstone.co.uk/Fonts/Images/runic_sample.html]
[www.babelstone.co.uk/Fonts/Images/runic_ruled_sample.html]
[www.babelstone.co.uk/Fonts/Download/BabelStoneRunic.html]
[www.babelstone.co.uk/Fonts/Download/BabelStoneRunicRuled.html]
[www.babelstone.co.uk/Fonts/Download/BabelStoneRunic-2.html]
[www.babelstone.co.uk/Fonts/Images/elder_futhark.html]
[www.babelstone.co.uk/Fonts/Images/OscarMontelius1874.html]
[www.babelstone.co.uk/Fonts/Images/OscarMontelius1874_450px.html]
[www.babelstone.co.uk/Fonts/Images/OscarMontelius1874_Firefox.html]
[www.babelstone.co.uk/Fonts/Download/BabelStoneRunicElderFuthark.html]
[www.babelstone.co.uk/Fonts/WOFF/BabelStoneRunicElderFuthark.html]
[www.babelstone.co.uk/Fonts/Images/short_twig.html]
[www.babelstone.co.uk/Fonts/Images/long_branch.html]
[www.babelstone.co.uk/Fonts/Images/runic_norse.html]
[www.babelstone.co.uk/Fonts/Images/runic_norn.html]
[www.babelstone.co.uk/Fonts/Download/BabelStoneRunicShortTwig.html]
[www.babelstone.co.uk/Fonts/Download/BabelStoneRunicLongBranch.html]
[www.babelstone.co.uk/Fonts/Download/BabelStoneRunicNorse.html]
[www.babelstone.co.uk/Fonts/Download/BabelStoneRunicNorn.html]
[www.babelstone.co.uk/Fonts/Download/BabelStoneYoungerFuthark.html]
[www.babelstone.co.uk/Fonts/Images/runic_staveless.html]
[www.babelstone.co.uk/Fonts/Images/runic_staveless_ruled.html]
[www.babelstone.co.uk/Fonts/Download/BabelStoneRunicStaveless.html]
[www.babelstone.co.uk/Fonts/Download/BabelStoneRunicStavelessRuled.html]
[www.babelstone.co.uk/Fonts/Download/BabelStoneRunicStaveless-2.html]
[www.babelstone.co.uk/Fonts/Images/dotted_runes.html]
[www.babelstone.co.uk/Fonts/Download/BabelStoneRunicDotted.html]
[www.babelstone.co.uk/Fonts/WOFF/BabelStoneRunicDotted.html]
[www.babelstone.co.uk/Fonts/FranksCasket.html]
[www.babelstone.co.uk/Fonts/Images/beagnoth_futhorc.html]
[www.babelstone.co.uk/Fonts/Images/beorhtnoth_futhorc.html]
[www.babelstone.co.uk/Fonts/Images/beorhtric_futhorc.html]
[www.babelstone.co.uk/Fonts/Images/beowulf_futhorc.html]
[www.babelstone.co.uk/Fonts/Images/berhtwald_futhorc.html]
[www.babelstone.co.uk/Fonts/Images/byrhtferth_futhorc.html]
[www.babelstone.co.uk/Fonts/Images/runic_ligatures_1.html]
[www.babelstone.co.uk/Fonts/Images/runic_ligatures_2.html]
[www.babelstone.co.uk/Fonts/Images/runic_ligatures_3.html]
[www.babelstone.co.uk/Fonts/Images/runic_ligatures_4.html]
[www.babelstone.co.uk/Fonts/Images/hobbit_text.html]
[www.babelstone.co.uk/Fonts/Images/FranksMirroredRunes_Firefox.html]
[www.babelstone.co.uk/Fonts/VOLT/BabelStoneRunicVTP.html]
[www.babelstone.co.uk/Fonts/Download/BabelStoneRunicBeagnoth.html]
[www.babelstone.co.uk/Fonts/Download/BabelStoneRunicBeorhtnoth.html]
[www.babelstone.co.uk/Fonts/Download/BabelStoneRunicBeorhtric.html]
[www.babelstone.co.uk/Fonts/Download/BabelStoneRunicBeowulf.html]
[www.babelstone.co.uk/Fonts/Download/BabelStoneRunicBerhtwald.html]
[www.babelstone.co.uk/Fonts/Download/BabelStoneRunicByrhtferth.html]
[www.babelstone.co.uk/Fonts/Download/BabelStoneAngloSaxon.html]
[www.babelstone.co.uk/Fonts/Images/moon_runes_sample.html]
[www.babelstone.co.uk/Fonts/ThrorsMap.html]
[www.babelstone.co.uk/Fonts/VOLT/BabelStoneMoonRunes.html]
[www.babelstone.co.uk/Fonts/Download/BabelStoneMoonRunes.html]
[www.babelstone.co.uk/Fonts/Download/BabelStoneShuishu.html]
[www.babelstone.co.uk/Fonts/Download/BabelStoneShuishuWSF.html]
[www.babelstone.co.uk/Fonts/Download/BabelStoneShuishuWZL.html]
[www.babelstone.co.uk/Fonts/Download/BabelStoneShuishuZJR.html]
[www.babelstone.co.uk/Fonts/Download/BabelStoneShuishuNishida.html]
[www.babelstone.co.uk/Fonts/Download/TangutScanFonts.html]
[www.babelstone.co.uk/Fonts/Download/TangutTangutLFW1986.html]
[www.babelstone.co.uk/Fonts/Download/TangutTangutLFW1986X.html]
[www.babelstone.co.uk/Fonts/Download/TangutTangutLFW1997.html]
[www.babelstone.co.uk/Fonts/Download/TangutTangutHXM2004.html]
[www.babelstone.co.uk/Fonts/Download/TangutTangutKYC2006.html]
[www.babelstone.co.uk/Fonts/Download/TangutTangutNishida1966.html]
[www.babelstone.co.uk/Fonts/Download/TangutTangutSofronov1968.html]
[www.babelstone.co.uk/Fonts/Download/TangutTangutWHYJIndex.html]
[www.babelstone.co.uk/Fonts/Download/TangutTangutComponents.html]
[www.babelstone.co.uk/Fonts/Images/BabelStoneTangutWenhai.html]
[www.babelstone.co.uk/Fonts/Images/BabelMapWenhaiIdeographs.html]
[www.babelstone.co.uk/Fonts/Images/BabelMapWenhaiComponents.html]
[www.babelstone.co.uk/Fonts/Download/BabelStoneTangutWenhai.html]
[www.babelstone.co.uk/Fonts/Images/TangutYinchuan_10.html]
[www.babelstone.co.uk/Fonts/Images/Mulamadhyamakakarika.html]
[www.babelstone.co.uk/Fonts/Download/BabelStoneTibetan.html]
[www.babelstone.co.uk/Fonts/WOFF/BabelStoneTibetan.html]
[www.babelstone.co.uk/Fonts/WOFF/BabelStoneTibetan-2.html]
[www.babelstone.co.uk/Fonts/Images/SaniYiChart.html]
[www.babelstone.co.uk/Fonts/Download/BabelStoneSaniYi.html]
[www.babelstone.co.uk/Fonts/Test/ZanabazarTest.html]
[www.babelstone.co.uk/Fonts/Test/ZanabazarTest-2.html]
[www.babelstone.co.uk/Fonts/Test/test.html]
[www.babelstone.co.uk/Fonts/Test/Zanabazar_Test_A.html]
[www.babelstone.co.uk/Fonts/Test/Zanabazar_Test_A-2.html]
[www.babelstone.co.uk/Fonts/Test/Zanabazar_Test_B.html]
[www.babelstone.co.uk/Fonts/Test/Zanabazar_Test_B-2.html]
[www.babelstone.co.uk/Fonts/Test/Zanabazar_Test_C.html]
[www.babelstone.co.uk/Fonts/Test/Zanabazar_Test_C-2.html]
[www.babelstone.co.uk/Fonts/Test/Zanabazar_Test_D.html]
[www.babelstone.co.uk/Fonts/Test/Zanabazar_Test_D-2.html]
[www.babelstone.co.uk/Fonts/Test/Zanabazar_Test_E.html]
[www.babelstone.co.uk/Fonts/Test/Zanabazar_Test_E-2.html]
[www.babelstone.co.uk/Fonts/Zanabazar_Test.html]
[www.babelstone.co.uk/Fonts/VOLT/BabelStoneZanabazar.html]
[www.babelstone.co.uk/Fonts/Download/BabelStoneZanabazar.html]
[www.babelstone.co.uk/Fonts/WOFF/BabelStoneZanabazar.html]
[www.babelstone.co.uk/Fonts/Images/ColourFlagGlyphs.html]
[www.babelstone.co.uk/Fonts/Images/FlagTestWord2016.html]
[www.babelstone.co.uk/Fonts/Images/MonochromeFlagGlyphs.html]
[www.babelstone.co.uk/Fonts/FlagsTest.html]
[www.babelstone.co.uk/Fonts/Download/BabelStoneFlags.html]
[www.babelstone.co.uk/Fonts/WOFF/BabelStoneFlags.html]
[www.babelstone.co.uk/Fonts/WOFF/BabelStoneFlags-2.html]
[www.babelstone.co.uk/Fonts/Images/babelstone_maritime.html]
[www.babelstone.co.uk/Fonts/Download/BabelStoneMaritime.html]
[www.babelstone.co.uk/Fonts/WOFF/BabelStoneMaritime.html]
[www.babelstone.co.uk/Fonts/Download/BabelStoneMayanNumerals.html]
[www.babelstone.co.uk/Fonts/WOFF/BabelStoneMayanNumerals.html]
[www.babelstone.co.uk/Fonts/WOFF/BabelStoneMayanNumerals-2.html]
[www.babelstone.co.uk/Fonts/Download/BabelStoneShapes.html]
[www.babelstone.co.uk/Fonts/WOFF/BabelStoneShapes.html]
[www.babelstone.co.uk/Fonts/WOFF/BabelStoneShapes-2.html]
[www.babelstone.co.uk/Fonts/n4748-xiangqi.html]
[www.babelstone.co.uk/Fonts/XiangqiLayout.html]
[www.babelstone.co.uk/Fonts/Images/babelstone-xiangqi-bw.html]
[www.babelstone.co.uk/Fonts/Images/babelstone-xiangqi-colour.html]
[www.babelstone.co.uk/Fonts/XiangqiBoard.html]
[www.babelstone.co.uk/Fonts/Images/babelstone-xiangqi-board.html]
[www.babelstone.co.uk/Fonts/Download/BabelStoneXiangqi.html]
[www.babelstone.co.uk/Fonts/WOFF/BabelStoneXiangqi.html]
[www.babelstone.co.uk/Fonts/WOFF/BabelStoneXiangqi-2.html]
[www.babelstone.co.uk/Fonts/Download/BabelStoneXiangqiColour.html]
[www.babelstone.co.uk/Fonts/WOFF/BabelStoneXiangqiColour.html]
[www.babelstone.co.uk/Fonts/WOFF/BabelStoneXiangqiColour-2.html]
